2025-03-30 14:08:58,551 CRIT Supervisor is running as root.  Privileges were not dropped because no user is specified in the config file.  If you intend to run as root, you can set user=root in the config file to avoid this message.
2025-03-30 14:08:58,552 INFO Included extra file "/tmp/appsmith/supervisor-conf.d/backend.conf" during parsing
2025-03-30 14:08:58,553 INFO Included extra file "/tmp/appsmith/supervisor-conf.d/editor.conf" during parsing
2025-03-30 14:08:58,554 INFO Included extra file "/tmp/appsmith/supervisor-conf.d/mongodb.conf" during parsing
2025-03-30 14:08:58,555 INFO Included extra file "/tmp/appsmith/supervisor-conf.d/postgres.conf" during parsing
2025-03-30 14:08:58,555 INFO Included extra file "/tmp/appsmith/supervisor-conf.d/redis.conf" during parsing
2025-03-30 14:08:58,556 INFO Included extra file "/tmp/appsmith/supervisor-conf.d/rts.conf" during parsing
2025-03-30 14:08:58,564 INFO RPC interface 'supervisor' initialized
2025-03-30 14:08:58,565 INFO RPC interface 'supervisor' initialized
2025-03-30 14:08:58,565 CRIT Server 'unix_http_server' running without any HTTP authentication checking
2025-03-30 14:08:58,566 INFO supervisord started with pid 1
2025-03-30 14:08:58,740 INFO spawned: 'stdout' with pid 1919
2025-03-30 14:08:58,746 INFO spawned: 'redis' with pid 1920
2025-03-30 14:08:58,753 INFO spawned: 'mongodb' with pid 1921
2025-03-30 14:08:58,760 INFO spawned: 'rts' with pid 1922
2025-03-30 14:08:58,767 INFO spawned: 'backend' with pid 1926
2025-03-30 14:08:58,774 INFO spawned: 'editor' with pid 1931
2025-03-30 14:08:58,780 INFO spawned: 'postgres' with pid 1934
2025-03-30 14:08:58,788 INFO success: redis entered RUNNING state, process has stayed up for > than 0 seconds (startsecs)
2025-03-30 14:08:58,789 INFO success: rts entered RUNNING state, process has stayed up for > than 0 seconds (startsecs)
2025-03-30 14:08:58,790 INFO success: editor entered RUNNING state, process has stayed up for > than 0 seconds (startsecs)
2025-03-30 14:08:59,090 INFO reaped unknown pid 85
2025-03-30 14:08:59,849 INFO success: stdout entered RUNNING state, process has stayed up for > than 1 seconds (startsecs)
2025-03-30 14:08:59,855 INFO success: postgres entered RUNNING state, process has stayed up for > than 1 seconds (startsecs)
2025-03-30 14:09:08,203 INFO reaped unknown pid 113
2025-03-30 14:09:09,252 INFO success: mongodb entered RUNNING state, process has stayed up for > than 10 seconds (startsecs)
2025-03-30 14:09:18,782 INFO success: backend entered RUNNING state, process has stayed up for > than 20 seconds (startsecs)
